21:39:05.029 run soak1790458745: db audit_soak_soak1790458745, prefix audit-consumer/soak1790458745/edges, duration 360s
21:39:22.562 SIGKILL worker w1 (pid 21014)
21:39:25.567 restarted w1 (incarnation 2)
21:39:41.577 SIGKILL edge-2 (pid 20982)
21:39:42.185 restarted edge-2
21:39:55.194 SIGSTOP worker w1 for 11s (lease ttl 6s)
21:40:06.201 SIGCONT w1
21:40:26.214 SIGKILL worker w3 (pid 21016)
21:40:27.220 restarted w3 (incarnation 2)
21:40:47.232 SIGKILL worker w2 (pid 21015)
21:40:50.240 restarted w2 (incarnation 2)
21:41:00.249 SIGKILL edge-3 (pid 20983)
21:41:00.758 restarted edge-3
21:41:08.775 SIGKILL worker w2 (pid 21916)
21:41:10.782 restarted w2 (incarnation 3)
21:41:30.792 SIGKILL edge-1 (pid 20981)
21:41:31.599 restarted edge-1
21:41:50.615 SIGSTOP worker w2 for 12s (lease ttl 6s)
21:42:02.621 SIGCONT w2
21:42:21.639 SIGKILL edge-3 (pid 21937)
21:42:22.457 restarted edge-3
21:42:32.467 SIGKILL edge-3 (pid 22100)
21:42:33.176 restarted edge-3
21:42:52.186 SIGKILL edge-2 (pid 21560)
21:42:52.499 restarted edge-2
21:43:03.524 SIGKILL worker w2 (pid 21969)
21:43:06.530 restarted w2 (incarnation 4)
21:43:20.546 SIGKILL edge-2 (pid 22215)
21:43:21.459 restarted edge-2
21:43:39.468 SIGKILL edge-2 (pid 22272)
21:43:39.576 restarted edge-2
21:43:52.587 SIGKILL edge-1 (pid 22004)
21:43:52.901 restarted edge-1
21:44:02.912 SIGSTOP worker w2 for 7s (lease ttl 6s)
21:44:09.918 SIGCONT w2
21:44:21.934 SIGKILL edge-2 (pid 22315)
21:44:22.249 restarted edge-2
21:44:34.260 SIGKILL worker w3 (pid 21748)
21:44:37.267 restarted w3 (incarnation 3)
21:44:50.277 SIGKILL edge-3 (pid 22148)
21:44:50.588 restarted edge-3
21:45:08.599 SIGKILL worker w3 (pid 22854)
21:45:11.606 restarted w3 (incarnation 4)
21:45:11.613 chaos over: 7 worker kills, 3 worker pauses, 11 edge kills
21:45:12.623 senders done: 7721 requests acked
21:45:44.108 central stable: 2886 577200 2891 578200 1944 77760 1944 38880 1944 38880 1944 38880 
